exports[`<AddTodo /> render 1`] = `
<form
  onSubmit={[Function]}>
  <div>
    <label>
      Title
    </label>
    <input
      autoComplete="off"
      name="title"
      onBlur={[Function]}
      onChange={[Function]}
      required={true}
      type={undefined}
      value="" />
  </div>
  <div>
    <label>
      Description
    </label>
    <input
      autoComplete="off"
      name="description"
      onBlur={[Function]}
      onChange={[Function]}
      required={true}
      type={undefined}
      value="" />
  </div>
  <button
    type="submit">
    add
  </button>
</form>
`;
